ERROR - 2026-06-29 13:08:07 --> mysqli_sql_exception: Unknown column 'is_vatable' in 'field list' in C:\xampp\htdocs\fods\system\Database\MySQLi\Connection.php:327
Stack trace:
#0 C:\xampp\htdocs\fods\system\Database\MySQLi\Connection.php(327): mysqli->query('\r\nSELECT\r\n    `...', 0)
#1 C:\xampp\htdocs\fods\system\Database\BaseConnection.php(738): CodeIgniter\Database\MySQLi\Connection->execute('\r\nSELECT\r\n    `...')
#2 C:\xampp\htdocs\fods\system\Database\BaseConnection.php(652): CodeIgniter\Database\BaseConnection->simpleQuery('\r\nSELECT\r\n    `...')
#3 C:\xampp\htdocs\fods\app\Views\disbursement\disbursement-pdf.php(215): CodeIgniter\Database\BaseConnection->query('\r\nSELECT\r\n    `...')
#4 C:\xampp\htdocs\fods\system\View\View.php(224): include('C:\\xampp\\htdocs...')
#5 C:\xampp\htdocs\fods\system\View\View.php(227): CodeIgniter\View\View->CodeIgniter\View\{closure}()
#6 C:\xampp\htdocs\fods\system\Common.php(1173): CodeIgniter\View\View->render('disbursement/di...', Array, true)
#7 C:\xampp\htdocs\fods\app\Controllers\MyDisbursement.php(58): view('disbursement/di...')
#8 C:\xampp\htdocs\fods\system\CodeIgniter.php(933): App\Controllers\MyDisbursement->index()
#9 C:\xampp\htdocs\fods\system\CodeIgniter.php(507): CodeIgniter\CodeIgniter->runController(Object(App\Controllers\MyDisbursement))
#10 C:\xampp\htdocs\fods\system\CodeIgniter.php(354): CodeIgniter\CodeIgniter->handleRequest(NULL, Object(Config\Cache), false)
#11 C:\xampp\htdocs\fods\system\Boot.php(334): CodeIgniter\CodeIgniter->run()
#12 C:\xampp\htdocs\fods\system\Boot.php(67): CodeIgniter\Boot::runCodeIgniter(Object(CodeIgniter\CodeIgniter))
#13 C:\xampp\htdocs\fods\public\index.php(56): CodeIgniter\Boot::bootWeb(Object(Config\Paths))
#14 {main}
CRITICAL - 2026-06-29 13:08:07 --> CodeIgniter\Database\Exceptions\DatabaseException: Unknown column 'is_vatable' in 'field list'
[Method: GET, Route: mydisbursement]
in SYSTEMPATH\Database\BaseConnection.php on line 692.
 1 APPPATH\Views\disbursement\disbursement-pdf.php(215): CodeIgniter\Database\BaseConnection->query('
SELECT
    `payee_tin`,
    `is_vatable`,
    `vat_percent`,
    `ewt_percent`,
    `pt_percent`
FROM
    `tbl_payee`
WHERE 
    `payee_name` = \'168 PARAGON INTERNATIONAL GENERAL CONTRACTOR AND EQUIPMENT\'')
 2 SYSTEMPATH\View\View.php(224): include('C:\\xampp\\htdocs\\fods\\app\\Views\\disbursement\\disbursement-pdf.php')
 3 SYSTEMPATH\View\View.php(227): CodeIgniter\View\View->CodeIgniter\View\{closure}()
 4 SYSTEMPATH\Common.php(1173): CodeIgniter\View\View->render('disbursement/disbursement-pdf', [], true)
 5 APPPATH\Controllers\MyDisbursement.php(58): view('disbursement/disbursement-pdf')
 6 SYSTEMPATH\CodeIgniter.php(933): App\Controllers\MyDisbursement->index()
 7 SYSTEMPATH\CodeIgniter.php(507): CodeIgniter\CodeIgniter->runController(Object(App\Controllers\MyDisbursement))
 8 SYSTEMPATH\CodeIgniter.php(354): CodeIgniter\CodeIgniter->handleRequest(null, Object(Config\Cache), false)
 9 SYSTEMPATH\Boot.php(334): CodeIgniter\CodeIgniter->run()
10 SYSTEMPATH\Boot.php(67): CodeIgniter\Boot::runCodeIgniter(Object(CodeIgniter\CodeIgniter))
11 FCPATH\index.php(56): CodeIgniter\Boot::bootWeb(Object(Config\Paths))
CRITICAL - 2026-06-29 13:08:07 --> [Caused by] CodeIgniter\Database\Exceptions\DatabaseException: Unknown column 'is_vatable' in 'field list'
in SYSTEMPATH\Database\MySQLi\Connection.php on line 332.
 1 SYSTEMPATH\Database\BaseConnection.php(738): CodeIgniter\Database\MySQLi\Connection->execute('
SELECT
    `payee_tin`,
    `is_vatable`,
    `vat_percent`,
    `ewt_percent`,
    `pt_percent`
FROM
    `tbl_payee`
WHERE 
    `payee_name` = \'168 PARAGON INTERNATIONAL GENERAL CONTRACTOR AND EQUIPMENT\'')
 2 SYSTEMPATH\Database\BaseConnection.php(652): CodeIgniter\Database\BaseConnection->simpleQuery('
SELECT
    `payee_tin`,
    `is_vatable`,
    `vat_percent`,
    `ewt_percent`,
    `pt_percent`
FROM
    `tbl_payee`
WHERE 
    `payee_name` = \'168 PARAGON INTERNATIONAL GENERAL CONTRACTOR AND EQUIPMENT\'')
 3 APPPATH\Views\disbursement\disbursement-pdf.php(215): CodeIgniter\Database\BaseConnection->query('
SELECT
    `payee_tin`,
    `is_vatable`,
    `vat_percent`,
    `ewt_percent`,
    `pt_percent`
FROM
    `tbl_payee`
WHERE 
    `payee_name` = \'168 PARAGON INTERNATIONAL GENERAL CONTRACTOR AND EQUIPMENT\'')
 4 SYSTEMPATH\View\View.php(224): include('C:\\xampp\\htdocs\\fods\\app\\Views\\disbursement\\disbursement-pdf.php')
 5 SYSTEMPATH\View\View.php(227): CodeIgniter\View\View->CodeIgniter\View\{closure}()
 6 SYSTEMPATH\Common.php(1173): CodeIgniter\View\View->render('disbursement/disbursement-pdf', [], true)
 7 APPPATH\Controllers\MyDisbursement.php(58): view('disbursement/disbursement-pdf')
 8 SYSTEMPATH\CodeIgniter.php(933): App\Controllers\MyDisbursement->index()
 9 SYSTEMPATH\CodeIgniter.php(507): CodeIgniter\CodeIgniter->runController(Object(App\Controllers\MyDisbursement))
10 SYSTEMPATH\CodeIgniter.php(354): CodeIgniter\CodeIgniter->handleRequest(null, Object(Config\Cache), false)
11 SYSTEMPATH\Boot.php(334): CodeIgniter\CodeIgniter->run()
12 SYSTEMPATH\Boot.php(67): CodeIgniter\Boot::runCodeIgniter(Object(CodeIgniter\CodeIgniter))
13 FCPATH\index.php(56): CodeIgniter\Boot::bootWeb(Object(Config\Paths))
CRITICAL - 2026-06-29 13:08:07 --> [Caused by] mysqli_sql_exception: Unknown column 'is_vatable' in 'field list'
in SYSTEMPATH\Database\MySQLi\Connection.php on line 327.
 1 SYSTEMPATH\Database\MySQLi\Connection.php(327): mysqli->query('
SELECT
    `payee_tin`,
    `is_vatable`,
    `vat_percent`,
    `ewt_percent`,
    `pt_percent`
FROM
    `tbl_payee`
WHERE 
    `payee_name` = \'168 PARAGON INTERNATIONAL GENERAL CONTRACTOR AND EQUIPMENT\'', 0)
 2 SYSTEMPATH\Database\BaseConnection.php(738): CodeIgniter\Database\MySQLi\Connection->execute('
SELECT
    `payee_tin`,
    `is_vatable`,
    `vat_percent`,
    `ewt_percent`,
    `pt_percent`
FROM
    `tbl_payee`
WHERE 
    `payee_name` = \'168 PARAGON INTERNATIONAL GENERAL CONTRACTOR AND EQUIPMENT\'')
 3 SYSTEMPATH\Database\BaseConnection.php(652): CodeIgniter\Database\BaseConnection->simpleQuery('
SELECT
    `payee_tin`,
    `is_vatable`,
    `vat_percent`,
    `ewt_percent`,
    `pt_percent`
FROM
    `tbl_payee`
WHERE 
    `payee_name` = \'168 PARAGON INTERNATIONAL GENERAL CONTRACTOR AND EQUIPMENT\'')
 4 APPPATH\Views\disbursement\disbursement-pdf.php(215): CodeIgniter\Database\BaseConnection->query('
SELECT
    `payee_tin`,
    `is_vatable`,
    `vat_percent`,
    `ewt_percent`,
    `pt_percent`
FROM
    `tbl_payee`
WHERE 
    `payee_name` = \'168 PARAGON INTERNATIONAL GENERAL CONTRACTOR AND EQUIPMENT\'')
 5 SYSTEMPATH\View\View.php(224): include('C:\\xampp\\htdocs\\fods\\app\\Views\\disbursement\\disbursement-pdf.php')
 6 SYSTEMPATH\View\View.php(227): CodeIgniter\View\View->CodeIgniter\View\{closure}()
 7 SYSTEMPATH\Common.php(1173): CodeIgniter\View\View->render('disbursement/disbursement-pdf', [], true)
 8 APPPATH\Controllers\MyDisbursement.php(58): view('disbursement/disbursement-pdf')
 9 SYSTEMPATH\CodeIgniter.php(933): App\Controllers\MyDisbursement->index()
10 SYSTEMPATH\CodeIgniter.php(507): CodeIgniter\CodeIgniter->runController(Object(App\Controllers\MyDisbursement))
11 SYSTEMPATH\CodeIgniter.php(354): CodeIgniter\CodeIgniter->handleRequest(null, Object(Config\Cache), false)
12 SYSTEMPATH\Boot.php(334): CodeIgniter\CodeIgniter->run()
13 SYSTEMPATH\Boot.php(67): CodeIgniter\Boot::runCodeIgniter(Object(CodeIgniter\CodeIgniter))
14 FCPATH\index.php(56): CodeIgniter\Boot::bootWeb(Object(Config\Paths))
